Graph has 14 nodes and 53 undirected edges for degree: 3
